$ make gdb
gdb-multiarch -q \
	-ex 'set pagination off' \
	-ex 'file bin/kernel' \
	-ex 'set arch riscv:rv64' \
	-ex 'target remote localhost:1234'
Reading symbols from bin/kernel...
The target architecture is set to "riscv:rv64".
Remote debugging using localhost:1234
0x0000000000001000 in ?? ()
(gdb)
[reset ROM]
pc             0x1000	0x1000
=> 0x1000:	auipc	t0,0x0
   0x1004:	addi	a2,t0,40
   0x1008:	csrr	a0,mhartid
   0x100c:	ld	a1,32(t0)
   0x1010:	ld	t0,24(t0)
   0x1014:	jr	t0
   0x80200000 <kern_entry>:	auipc	sp,0x3
   0x80200004 <kern_entry+4>:	mv	sp,sp
   0x80200008 <kern_entry+8>:	j	0x8020000a <kern_init>
0x0000000000001004 in ?? ()
0x0000000000001008 in ?? ()
0x000000000000100c in ?? ()
0x0000000000001010 in ?? ()
0x0000000000001014 in ?? ()
0x0000000080000000 in ?? ()

[OpenSBI entry]
pc             0x80000000	0x80000000
a0             0x0	0
a1             0x87e00000	2279604224
a2             0x1028	4136
Hardware assisted breakpoint 1 at 0x80200000: file kern/init/entry.S, line 8.

Temporary breakpoint 1, kern_entry () at kern/init/entry.S:8
8	    la sp, bootstacktop

[kernel entry]
pc             0x80200000	0x80200000 <kern_entry>
sp             0x80046eb0	0x80046eb0
ra             0x8000ae9a	0x8000ae9a
=> 0x80200000 <kern_entry>:	auipc	sp,0x3
   0x80200004 <kern_entry+4>:	mv	sp,sp
   0x80200008 <kern_entry+8>:	j	0x8020000a <kern_init>
   0x8020000a <kern_init>:	auipc	a0,0x3
0x0000000080200004 in kern_entry () at kern/init/entry.S:8
8	    la sp, bootstacktop
11	    tail kern_init
kern_init () at kern/init/init.c:8
8	    memset(edata, 0, end - edata);

[C entry, stack initialized]
pc             0x8020000a	0x8020000a <kern_init>
sp             0x80203000	0x80203000 <SBI_CONSOLE_PUTCHAR>
ra             0x8000ae9a	0x8000ae9a
$1 = 0x80203000
Hardware assisted breakpoint 2 at 0x80200056: file kern/libs/stdio.c, line 40.

Temporary breakpoint 2, cprintf (fmt=fmt@entry=0x802004d8 "%s\n\n")
    at kern/libs/stdio.c:40
40	    va_start(ap, fmt);
BSS range: 0x80203008..0x80203008 (0 bytes)
LAB1_BOOT_CHECK_PASS
[Inferior 1 (process 1) detached]
(gdb)
Exit status: 0
